
//////////////////----Double_Hash_Table-----//////////////////

structure: 2 9 13 65 21 
2 has found
13 has found
1 hasn't found
22 hasn't found
83 hasn't found
97 hasn't found
345 hasn't found
89 hasn't found
342 hasn't found
9 has found
21 has found
14 hasn't found
63 hasn't found
9 has found
2 has found
13 has found
43 hasn't found
83 hasn't found
21 has found
342 hasn't found
9 has found
21 has found
14 hasn't found
63 hasn't found
9 has found
2 has found
13 has found
43 hasn't found
83 hasn't found
21 has found
342 hasn't found
9 has found
21 has found
14 hasn't found
63 hasn't found
9 has found
2 has found
43 hasn't found
21 has found
342 hasn't found
9 has found
21 has found
14 hasn't found
63 hasn't found
9 has found

//////////////////----Line_Hash_Table-----//////////////////

structure: 2 9 13 65 21 
2 has found
13 has found
1 hasn't found
22 hasn't found
83 hasn't found
97 hasn't found
345 hasn't found
89 hasn't found
342 hasn't found
9 has found
21 has found
14 hasn't found
63 hasn't found
9 has found
2 has found
13 has found
43 hasn't found
83 hasn't found
21 has found
342 hasn't found
9 has found
21 has found
14 hasn't found
63 hasn't found
9 has found
2 has found
13 has found
43 hasn't found
83 hasn't found
21 has found
342 hasn't found
9 has found
21 has found
14 hasn't found
63 hasn't found
9 has found
2 has found
43 hasn't found
21 has found
342 hasn't found
9 has found
21 has found
14 hasn't found
63 hasn't found
9 has found

//////////////////----Chain_Hash_Table-----//////////////////

structure: 2 9 13 65 21 
2 has found
13 has found
1 hasn't found
22 hasn't found
83 hasn't found
97 hasn't found
345 hasn't found
89 hasn't found
342 hasn't found
9 has found
21 has found
14 hasn't found
63 hasn't found
9 has found
2 has found
13 has found
43 hasn't found
83 hasn't found
21 has found
342 hasn't found
9 has found
21 has found
14 hasn't found
63 hasn't found
9 has found
2 has found
13 has found
43 hasn't found
83 hasn't found
21 has found
342 hasn't found
9 has found
21 has found
14 hasn't found
63 hasn't found
9 has found
2 has found
43 hasn't found
21 has found
342 hasn't found
9 has found
21 has found
14 hasn't found
63 hasn't found
9 has found
